<?php

namespace App\Validations;

use Bow\Validation\RequestValidation;

class FakeValidationRequest extends RequestValidation
{
	/**
	 * Validation rules
	 *
	 * @return array
	 */
    protected function rules(): array
    {
	    return [
            // Your roles here
        ];
    }
}
