<?php

use Bow\Database\Migration\Migration;
use Bow\Database\Migration\Table;

class FakeCreateTableMigration extends Migration
{
    /**
     * Up Migration
     */
    public function up(): void
    {
        $this->create("fakers", function (Table $table) {
            $table->addIncrement('id');
            $table->addTimestamps();
        });
    }

    /**
     * Rollback migration
     */
    public function rollback(): void
    {
        $this->dropIfExists("fakers");
    }
}
