<?php

namespace App\Middlewares;

use Bow\Http\Request;
use Bow\Middleware\BaseMiddleware;

class FakeMiddleware implements BaseMiddleware
{
    /**
     * Handle an incoming request.
     *
     * @param Request $request
     * @param callable $next
     * @param array $args
     * @return mixed
     */
    public function process(Request $request, callable $next, array $args = []): mixed
    {
        // Code Here

        return $next($request);
    }
}
