<?php

use Bow\Database\Migration\Migration;
use Bow\Database\Migration\SQLGenerator as Table;

class FakeCacheMigration extends Migration
{
    /**
     * Up Migration
     */
    public function up(): void
    {
        $this->create("caches", function (Table $table) {
            $table->addString('keyname', ['primary' => true, 'size' => 500]);
            $table->addText('data');
            $table->addDatetime('expire', ['nullable' => true]);
            $table->addTimestamps();
        });
    }

    /**
     * Rollback migration
     */
    public function rollback(): void
    {
        $this->dropIfExists("caches");
    }
}
